[{"rev":"130421054405","dest":"js_bundle_a.js","dest_revved":"js_bundle_a.130421054405.js"},{"rev":"130421054425","dest":"js_bundle_b.js","dest_revved":"js_bundle_b.130421054425.js"}]