[{"rev":"20100926040404","dest":"tmp/images_with_date/folder/subfolder/img3.png","dest_revved":"tmp/images_with_date/folder/subfolder/img3.20100926040404.png"},{"rev":"20120627165521","dest":"tmp/images_with_date/img1.png","dest_revved":"tmp/images_with_date/img1.20120627165521.png"},{"rev":"20110502130421","dest":"tmp/images_with_date/img2.jpg","dest_revved":"tmp/images_with_date/img2.20110502130421.jpg"},{"rev":"20130413000015","dest":"tmp/images_with_date/folder/img2.gif","dest_revved":"tmp/images_with_date/folder/img2.20130413000015.gif"}]