[{"rev":"20130413000015","dest":"folder/img2.gif","dest_revved":"folder/img2.20130413000015.gif"}]
