[{"rev":"f69ba99c","path":"tmp/options_output/folder/subfolder/img3.png","revved_path":"tmp/options_output/folder/subfolder/img3.f69ba99c.png"},{"rev":"0aab5fd0","path":"tmp/options_output/img1.png","revved_path":"tmp/options_output/img1.0aab5fd0.png"},{"rev":"ec1bd0de","path":"tmp/options_output/img2.jpg","revved_path":"tmp/options_output/img2.ec1bd0de.jpg"},{"rev":"05953adc","path":"tmp/options_output/folder/img2.gif","revved_path":"tmp/options_output/folder/img2.05953adc.gif"}]
