[{"rev":"f69ba99c","path":"folder/subfolder/img3.png","revved_path":"folder/subfolder/img3.f69ba99c.png"},{"rev":"0aab5fd0","path":"img1.png","revved_path":"img1.0aab5fd0.png"},{"rev":"ec1bd0de","path":"img2.jpg","revved_path":"img2.ec1bd0de.jpg"},{"rev":"05953adc","path":"folder/img2.gif","revved_path":"folder/img2.05953adc.gif"}]
